// Jest Snapshot v1, https://goo.gl/fbAQLP

exports[`calculator renders correctly 1`] = `
<div
  className="App"
>
  <div
    className="Calculator"
  >
    <div
      className="Result"
    >
      
    </div>
    <div
      className="CalculatorRow"
    >
      <button
        className="Button"
        onClick={[Function]}
      >
        AC
      </button>
      <button
        className="Button"
        onClick={[Function]}
      >
        +/-
      </button>
      <button
        className="Button"
        onClick={[Function]}
        value="%"
      >
        %
      </button>
      <button
        className="Button Operator"
        onClick={[Function]}
        value="/"
      >
        /
      </button>
    </div>
    <div
      className="CalculatorRow"
    >
      <button
        className="Button"
        onClick={[Function]}
        value="7"
      >
        7
      </button>
      <button
        className="Button"
        onClick={[Function]}
        value="8"
      >
        8
      </button>
      <button
        className="Button"
        onClick={[Function]}
        value="9"
      >
        9
      </button>
      <button
        className="Button Operator"
        onClick={[Function]}
        value="*"
      >
        *
      </button>
    </div>
    <div
      className="CalculatorRow"
    >
      <button
        className="Button"
        onClick={[Function]}
        value="4"
      >
        4
      </button>
      <button
        className="Button"
        onClick={[Function]}
        value="5"
      >
        5
      </button>
      <button
        className="Button"
        onClick={[Function]}
        value="6"
      >
        6
      </button>
      <button
        className="Button Operator"
        onClick={[Function]}
        value="-"
      >
        -
      </button>
    </div>
    <div
      className="CalculatorRow"
    >
      <button
        className="Button"
        onClick={[Function]}
        value="1"
      >
        1
      </button>
      <button
        className="Button"
        onClick={[Function]}
        value="2"
      >
        2
      </button>
      <button
        className="Button"
        onClick={[Function]}
        value="3"
      >
        3
      </button>
      <button
        className="Button Operator"
        onClick={[Function]}
        value="+"
      >
        +
      </button>
    </div>
    <div
      className="CalculatorRow"
    >
      <button
        className="Button ZeroButton"
        onClick={[Function]}
        value="0"
      >
        0
      </button>
      <button
        className="Button"
        onClick={[Function]}
        value="."
      >
        .
      </button>
      <button
        className="Button Operator"
        onClick={[Function]}
      >
        =
      </button>
    </div>
  </div>
</div>
`;
